[debug] [2026-05-02T08:40:09.719Z] ----------------------------------------------------------------------
[debug] [2026-05-02T08:40:09.730Z] Command:       C:\Program Files\nodejs\node.exe C:\Users\rahul\AppData\Local\npm-cache\_npx\7750544ccf494d8b\node_modules\firebase-tools\lib\bin\firebase.js projects:addfirebase geek-495107
[debug] [2026-05-02T08:40:09.732Z] CLI Version:   15.16.0
[debug] [2026-05-02T08:40:09.732Z] Platform:      win32
[debug] [2026-05-02T08:40:09.733Z] Node Version:  v24.14.0
[debug] [2026-05-02T08:40:09.733Z] Time:          Sat May 02 2026 14:10:09 GMT+0530 (India Standard Time)
[debug] [2026-05-02T08:40:09.733Z] ----------------------------------------------------------------------
[debug] 
[debug] [2026-05-02T08:40:09.740Z] >>> [apiv2][query] GET https://firebase-public.firebaseio.com/cli.json [none]
[debug] [2026-05-02T08:40:09.844Z] > command requires scopes: ["email","openid","https://www.googleapis.com/auth/cloudplatformprojects.readonly","https://www.googleapis.com/auth/firebase","https://www.googleapis.com/auth/cloud-platform"]
[debug] [2026-05-02T08:40:09.845Z] > authorizing via signed-in user (rahul.ramavat01@gmail.com)
[debug] [2026-05-02T08:40:09.853Z] Checked if tokens are valid: true, expires at: 1777712240003
[debug] [2026-05-02T08:40:09.853Z] Checked if tokens are valid: true, expires at: 1777712240003
[debug] [2026-05-02T08:40:09.855Z] >>> [apiv2][query] POST https://firebase.googleapis.com/v1beta1/projects/geek-495107:addFirebase [none]
[debug] [2026-05-02T08:40:10.483Z] <<< [apiv2][status] POST https://firebase.googleapis.com/v1beta1/projects/geek-495107:addFirebase 403
[debug] [2026-05-02T08:40:10.484Z] <<< [apiv2][body] POST https://firebase.googleapis.com/v1beta1/projects/geek-495107:addFirebase {"error":{"code":403,"message":"The caller does not have permission","status":"PERMISSION_DENIED"}}
[debug] [2026-05-02T08:40:10.487Z] Request to https://firebase.googleapis.com/v1beta1/projects/geek-495107:addFirebase had HTTP Error: 403, The caller does not have permission
[debug] [2026-05-02T08:40:10.557Z] <<< [apiv2][status] GET https://firebase-public.firebaseio.com/cli.json 200
[debug] [2026-05-02T08:40:10.557Z] <<< [apiv2][body] GET https://firebase-public.firebaseio.com/cli.json {"cloudBuildErrorAfter":1594252800000,"cloudBuildWarnAfter":1590019200000,"defaultNode10After":1594252800000,"minVersion":"3.0.5","node8DeploysDisabledAfter":1613390400000,"node8RuntimeDisabledAfter":1615809600000,"node8WarnAfter":1600128000000}
[debug] [2026-05-02T08:40:10.707Z] FirebaseError: Request to https://firebase.googleapis.com/v1beta1/projects/geek-495107:addFirebase had HTTP Error: 403, The caller does not have permission
    at responseToError (C:\Users\rahul\AppData\Local\npm-cache\_npx\7750544ccf494d8b\node_modules\firebase-tools\lib\responseToError.js:53:12)
    at RetryOperation._fn (C:\Users\rahul\AppData\Local\npm-cache\_npx\7750544ccf494d8b\node_modules\firebase-tools\lib\apiv2.js:333:77)
    at process.processTicksAndRejections (node:internal/process/task_queues:104:5)
[error] 
[error] Error: Failed to add Firebase to Google Cloud Platform project. See firebase-debug.log for more info.
[debug] [2026-05-02T08:43:54.450Z] ----------------------------------------------------------------------
[debug] [2026-05-02T08:43:54.456Z] Command:       C:\Program Files\nodejs\node.exe C:\Users\rahul\AppData\Local\npm-cache\_npx\7750544ccf494d8b\node_modules\firebase-tools\lib\bin\firebase.js projects:addfirebase geek-495107
[debug] [2026-05-02T08:43:54.457Z] CLI Version:   15.16.0
[debug] [2026-05-02T08:43:54.457Z] Platform:      win32
[debug] [2026-05-02T08:43:54.457Z] Node Version:  v24.14.0
[debug] [2026-05-02T08:43:54.457Z] Time:          Sat May 02 2026 14:13:54 GMT+0530 (India Standard Time)
[debug] [2026-05-02T08:43:54.457Z] ----------------------------------------------------------------------
[debug] 
[debug] [2026-05-02T08:43:54.469Z] > command requires scopes: ["email","openid","https://www.googleapis.com/auth/cloudplatformprojects.readonly","https://www.googleapis.com/auth/firebase","https://www.googleapis.com/auth/cloud-platform"]
[debug] [2026-05-02T08:43:54.470Z] > authorizing via signed-in user (rahul.ramavat01@gmail.com)
[debug] [2026-05-02T08:43:54.475Z] Checked if tokens are valid: false, expires at: 1777712240003
[debug] [2026-05-02T08:43:54.475Z] Checked if tokens are valid: false, expires at: 1777712240003
[debug] [2026-05-02T08:43:54.475Z] > refreshing access token with scopes: []
[debug] [2026-05-02T08:43:54.479Z] >>> [apiv2][query] POST https://www.googleapis.com/oauth2/v3/token [none]
[debug] [2026-05-02T08:43:54.479Z] >>> [apiv2][body] POST https://www.googleapis.com/oauth2/v3/token [omitted]
[debug] [2026-05-02T08:43:55.059Z] <<< [apiv2][status] POST https://www.googleapis.com/oauth2/v3/token 200
[debug] [2026-05-02T08:43:55.059Z] <<< [apiv2][body] POST https://www.googleapis.com/oauth2/v3/token [omitted]
[debug] [2026-05-02T08:43:55.075Z] >>> [apiv2][query] POST https://firebase.googleapis.com/v1beta1/projects/geek-495107:addFirebase [none]
[debug] [2026-05-02T08:43:55.624Z] <<< [apiv2][status] POST https://firebase.googleapis.com/v1beta1/projects/geek-495107:addFirebase 403
[debug] [2026-05-02T08:43:55.624Z] <<< [apiv2][body] POST https://firebase.googleapis.com/v1beta1/projects/geek-495107:addFirebase {"error":{"code":403,"message":"The caller does not have permission","status":"PERMISSION_DENIED"}}
[debug] [2026-05-02T08:43:55.627Z] Request to https://firebase.googleapis.com/v1beta1/projects/geek-495107:addFirebase had HTTP Error: 403, The caller does not have permission
[debug] [2026-05-02T08:43:55.890Z] FirebaseError: Request to https://firebase.googleapis.com/v1beta1/projects/geek-495107:addFirebase had HTTP Error: 403, The caller does not have permission
    at responseToError (C:\Users\rahul\AppData\Local\npm-cache\_npx\7750544ccf494d8b\node_modules\firebase-tools\lib\responseToError.js:53:12)
    at RetryOperation._fn (C:\Users\rahul\AppData\Local\npm-cache\_npx\7750544ccf494d8b\node_modules\firebase-tools\lib\apiv2.js:333:77)
    at process.processTicksAndRejections (node:internal/process/task_queues:104:5)
[error] 
[error] Error: Failed to add Firebase to Google Cloud Platform project. See firebase-debug.log for more info.
